src/components/import/ManualProtocolForm.tsx(3,26): error TS2307: Cannot find module '@/integrations/supabase/client' or its corresponding type declarations.
src/components/import/ManualProtocolForm.tsx(5,77): error TS2307: Cannot find module '@/lib/utils' or its corresponding type declarations.
src/components/import/ManualProtocolForm.tsx(6,66): error TS2307: Cannot find module '@/components/ui/dialog' or its corresponding type declarations.
src/components/import/ManualProtocolForm.tsx(269,26): error TS1343: The 'import.meta' meta-property is only allowed when the '--module' option is 'es2020', 'es2022', 'esnext', 'system', 'node16', 'node18', 'node20', or 'nodenext'.
src/components/import/ManualProtocolForm.tsx(269,38): error TS2339: Property 'env' does not exist on type 'ImportMeta'.
src/pages/ProtocoloDetailPage.tsx(3,26): error TS2307: Cannot find module '@/integrations/supabase/client' or its corresponding type declarations.
src/pages/ProtocoloDetailPage.tsx(5,58): error TS2307: Cannot find module '@/components/ui/tabs' or its corresponding type declarations.
src/pages/ProtocoloDetailPage.tsx(6,66): error TS2307: Cannot find module '@/components/ui/dialog' or its corresponding type declarations.
src/pages/ProtocoloDetailPage.tsx(7,25): error TS2307: Cannot find module '@/components/protocolo/VistoriaTab' or its corresponding type declarations.
src/pages/ProtocoloDetailPage.tsx(8,31): error TS2307: Cannot find module '@/components/protocolo/ExpirationWarning' or its corresponding type declarations.
src/pages/ProtocoloDetailPage.tsx(9,89): error TS2307: Cannot find module '@/lib/utils' or its corresponding type declarations.
src/pages/ProtocoloDetailPage.tsx(11,25): error TS2307: Cannot find module '@/components/shared/StatusBadge' or its corresponding type declarations.
src/pages/ProtocoloDetailPage.tsx(12,52): error TS2307: Cannot find module '@/lib/vistoriaStatus' or its corresponding type declarations.
src/pages/ProtocoloDetailPage.tsx(13,29): error TS2307: Cannot find module '@/types/user' or its corresponding type declarations.
src/pages/ProtocoloDetailPage.tsx(14,25): error TS2307: Cannot find module '@/hooks/useAuth' or its corresponding type declarations.
src/pages/ProtocoloDetailPage.tsx(16,70): error TS2307: Cannot find module '@/types/database' or its corresponding type declarations.
src/pages/ProtocoloDetailPage.tsx(17,34): error TS2307: Cannot find module '@/mocks/mockData' or its corresponding type declarations.
src/pages/ProtocoloDetailPage.tsx(378,26): error TS1343: The 'import.meta' meta-property is only allowed when the '--module' option is 'es2020', 'es2022', 'esnext', 'system', 'node16', 'node18', 'node20', or 'nodenext'.
src/pages/ProtocoloDetailPage.tsx(378,38): error TS2339: Property 'env' does not exist on type 'ImportMeta'.
